Violations:
test/violations.txt:1: Trailing·space·
test/violations.txt:3: Trailing·tab····
